0 verbose cli /usr/local/bin/node /usr/local/bin/npm
1 info using npm@10.9.8
2 info using node@v22.23.2
3 silly config load:file:/usr/local/lib/node_modules/npm/npmrc
4 silly config load:file:/app/.npmrc
5 silly config load:file:/app/.home/.npmrc
6 silly config load:file:/usr/local/etc/npmrc
7 verbose title npm install
8 verbose argv "install"
9 verbose logfile logs-max:10 dir:/app/.home/.npm/_logs/2026-09-01T13_04_38_922Z-
10 verbose logfile /app/.home/.npm/_logs/2026-09-01T13_04_38_922Z-debug-0.log
11 silly logfile done cleaning log files
12 silly packumentCache heap:2103967744 maxSize:525991936 maxEntrySize:262995968
13 silly idealTree buildDeps
14 verbose shrinkwrap failed to load node_modules/.package-lock.json out of date, updated: node_modules
15 silly reify moves {}
16 silly audit bulk request {
16 silly audit   '@alloc/quick-lru': [ '5.3.0' ],
16 silly audit   '@babel/code-frame': [ '7.29.7' ],
16 silly audit   '@babel/compat-data': [ '7.29.7' ],
16 silly audit   '@babel/core': [ '7.29.7' ],
16 silly audit   '@babel/generator': [ '7.29.8' ],
16 silly audit   '@babel/helper-compilation-targets': [ '7.29.7' ],
16 silly audit   '@babel/helper-globals': [ '7.29.7' ],
16 silly audit   '@babel/helper-module-imports': [ '7.29.7' ],
16 silly audit   '@babel/helper-module-transforms': [ '7.29.7' ],
16 silly audit   '@babel/helper-plugin-utils': [ '7.29.7' ],
16 silly audit   '@babel/helper-string-parser': [ '7.29.7' ],
16 silly audit   '@babel/helper-validator-identifier': [ '7.29.7' ],
16 silly audit   '@babel/helper-validator-option': [ '7.29.7' ],
16 silly audit   '@babel/helpers': [ '7.29.7' ],
16 silly audit   '@babel/parser': [ '7.29.8' ],
16 silly audit   '@babel/plugin-transform-react-jsx-self': [ '7.29.7' ],
16 silly audit   '@babel/plugin-transform-react-jsx-source': [ '7.29.7' ],
16 silly audit   '@babel/template': [ '7.29.7' ],
16 silly audit   '@babel/traverse': [ '7.29.8' ],
16 silly audit   '@babel/types': [ '7.29.8' ],
16 silly audit   '@esbuild/aix-ppc64': [ '0.21.5' ],
16 silly audit   '@esbuild/android-arm': [ '0.21.5' ],
16 silly audit   '@esbuild/android-arm64': [ '0.21.5' ],
16 silly audit   '@esbuild/android-x64': [ '0.21.5' ],
16 silly audit   '@esbuild/darwin-arm64': [ '0.21.5' ],
16 silly audit   '@esbuild/darwin-x64': [ '0.21.5' ],
16 silly audit   '@esbuild/freebsd-arm64': [ '0.21.5' ],
16 silly audit   '@esbuild/freebsd-x64': [ '0.21.5' ],
16 silly audit   '@esbuild/linux-arm': [ '0.21.5' ],
16 silly audit   '@esbuild/linux-arm64': [ '0.21.5' ],
16 silly audit   '@esbuild/linux-ia32': [ '0.21.5' ],
16 silly audit   '@esbuild/linux-loong64': [ '0.21.5' ],
16 silly audit   '@esbuild/linux-mips64el': [ '0.21.5' ],
16 silly audit   '@esbuild/linux-ppc64': [ '0.21.5' ],
16 silly audit   '@esbuild/linux-riscv64': [ '0.21.5' ],
16 silly audit   '@esbuild/linux-s390x': [ '0.21.5' ],
16 silly audit   '@esbuild/linux-x64': [ '0.21.5' ],
16 silly audit   '@esbuild/netbsd-x64': [ '0.21.5' ],
16 silly audit   '@esbuild/openbsd-x64': [ '0.21.5' ],
16 silly audit   '@esbuild/sunos-x64': [ '0.21.5' ],
16 silly audit   '@esbuild/win32-arm64': [ '0.21.5' ],
16 silly audit   '@esbuild/win32-ia32': [ '0.21.5' ],
16 silly audit   '@esbuild/win32-x64': [ '0.21.5' ],
16 silly audit   '@jridgewell/gen-mapping': [ '0.3.13' ],
16 silly audit   '@jridgewell/remapping': [ '2.3.5' ],
16 silly audit   '@jridgewell/resolve-uri': [ '3.1.2' ],
16 silly audit   '@jridgewell/sourcemap-codec': [ '1.6.0' ],
16 silly audit   '@jridgewell/trace-mapping': [ '0.3.31' ],
16 silly audit   '@napi-rs/lzma-linux-x64-gnu': [ '1.5.1' ],
16 silly audit   '@nodelib/fs.scandir': [ '2.1.5' ],
16 silly audit   '@nodelib/fs.stat': [ '2.0.5' ],
16 silly audit   '@nodelib/fs.walk': [ '1.2.8' ],
16 silly audit   '@remix-run/router': [ '1.23.4' ],
16 silly audit   '@rolldown/pluginutils': [ '1.0.0-beta.27' ],
16 silly audit   '@rollup/rollup-android-arm-eabi': [ '4.63.1' ],
16 silly audit   '@rollup/rollup-android-arm64': [ '4.63.1' ],
16 silly audit   '@rollup/rollup-darwin-arm64': [ '4.63.1' ],
16 silly audit   '@rollup/rollup-darwin-x64': [ '4.63.1' ],
16 silly audit   '@rollup/rollup-freebsd-arm64': [ '4.63.1' ],
16 silly audit   '@rollup/rollup-freebsd-x64': [ '4.63.1' ],
16 silly audit   '@rollup/rollup-linux-arm-gnueabihf': [ '4.63.1' ],
16 silly audit   '@rollup/rollup-linux-arm-musleabihf': [ '4.63.1' ],
16 silly audit   '@rollup/rollup-linux-arm64-gnu': [ '4.63.1' ],
16 silly audit   '@rollup/rollup-linux-arm64-musl': [ '4.63.1' ],
16 silly audit   '@rollup/rollup-linux-loong64-gnu': [ '4.63.1' ],
16 silly audit   '@rollup/rollup-linux-loong64-musl': [ '4.63.1' ],
16 silly audit   '@rollup/rollup-linux-ppc64-gnu': [ '4.63.1' ],
16 silly audit   '@rollup/rollup-linux-ppc64-musl': [ '4.63.1' ],
16 silly audit   '@rollup/rollup-linux-riscv64-gnu': [ '4.63.1' ],
16 silly audit   '@rollup/rollup-linux-riscv64-musl': [ '4.63.1' ],
16 silly audit   '@rollup/rollup-linux-s390x-gnu': [ '4.63.1' ],
16 silly audit   '@rollup/rollup-linux-x64-gnu': [ '4.63.1' ],
16 silly audit   '@rollup/rollup-linux-x64-musl': [ '4.63.1' ],
16 silly audit   '@rollup/rollup-openbsd-x64': [ '4.63.1' ],
16 silly audit   '@rollup/rollup-openharmony-arm64': [ '4.63.1' ],
16 silly audit   '@rollup/rollup-win32-arm64-msvc': [ '4.63.1' ],
16 silly audit   '@rollup/rollup-win32-ia32-msvc': [ '4.63.1' ],
16 silly audit   '@rollup/rollup-win32-x64-gnu': [ '4.63.1' ],
16 silly audit   '@rollup/rollup-win32-x64-msvc': [ '4.63.1' ],
16 silly audit   '@types/babel__core': [ '7.20.5' ],
16 silly audit   '@types/babel__generator': [ '7.27.0' ],
16 silly audit   '@types/babel__template': [ '7.4.4' ],
16 silly audit   '@types/babel__traverse': [ '7.28.0' ],
16 silly audit   '@types/estree': [ '1.0.9' ],
16 silly audit   '@vitejs/plugin-react': [ '4.7.0' ],
16 silly audit   'any-promise': [ '1.3.0' ],
16 silly audit   anymatch: [ '3.1.3' ],
16 silly audit   arg: [ '5.0.2' ],
16 silly audit   autoprefixer: [ '10.5.4' ],
16 silly audit   'baseline-browser-mapping': [ '2.11.20' ],
16 silly audit   'binary-extensions': [ '2.3.0' ],
16 silly audit   braces: [ '3.0.3' ],
16 silly audit   browserslist: [ '4.28.8' ],
16 silly audit   'camelcase-css': [ '2.0.1' ],
16 silly audit   'caniuse-lite': [ '1.0.30001810' ],
16 silly audit   chokidar: [ '3.6.0' ],
16 silly audit   'glob-parent': [ '5.1.2', '6.0.2' ],
16 silly audit   commander: [ '4.1.1' ],
16 silly audit   'convert-source-map': [ '2.0.0' ],
16 silly audit   cssesc: [ '3.0.0' ],
16 silly audit   debug: [ '4.4.3' ],
16 silly audit   didyoumean: [ '1.2.2' ],
16 silly audit   dlv: [ '1.1.3' ],
16 silly audit   'electron-to-chromium': [ '1.5.418' ],
16 silly audit   'es-errors': [ '1.3.0' ],
16 silly audit   esbuild: [ '0.21.5' ],
16 silly audit   escalade: [ '3.2.0' ],
16 silly audit   'fast-glob': [ '3.3.3' ],
16 silly audit   fastq: [ '1.20.3' ],
16 silly audit   'fill-range': [ '7.1.1' ],
16 silly audit   'fraction.js': [ '5.3.4' ],
16 silly audit   fsevents: [ '2.3.3' ],
16 silly audit   'function-bind': [ '1.1.2' ],
16 silly audit   gensync: [ '1.0.0-beta.2' ],
16 silly audit   hasown: [ '2.0.4' ],
16 silly audit   'is-binary-path': [ '2.1.0' ],
16 silly audit   'is-core-module': [ '2.16.2' ],
16 silly audit   'is-extglob': [ '2.1.1' ],
16 silly audit   'is-glob': [ '4.0.3' ],
16 silly audit   'is-number': [ '7.0.0' ],
16 silly audit   jiti: [ '1.21.7' ],
16 silly audit   'js-tokens': [ '4.0.0' ],
16 silly audit   jsesc: [ '3.1.0' ],
16 silly audit   json5: [ '2.2.3' ],
16 silly audit   lilconfig: [ '3.1.3' ],
16 silly audit   'lines-and-columns': [ '1.2.4' ],
16 silly audit   'loose-envify': [ '1.4.0' ],
16 silly audit   'lru-cache': [ '5.1.1' ],
16 silly audit   merge2: [ '1.4.1' ],
16 silly audit   micromatch: [ '4.0.8' ],
16 silly audit   ms: [ '2.1.3' ],
16 silly audit   mz: [ '2.7.0' ],
16 silly audit   nanoid: [ '3.3.18' ],
16 silly audit   'node-releases': [ '2.0.54' ],
16 silly audit   'normalize-path': [ '3.0.0' ],
16 silly audit   'object-assign': [ '4.1.1' ],
16 silly audit   'object-hash': [ '3.0.0' ],
16 silly audit   'path-parse': [ '1.0.7' ],
16 silly audit   picocolors: [ '1.1.1' ],
16 silly audit   picomatch: [ '2.3.2', '4.0.7' ],
16 silly audit   pirates: [ '4.0.7' ],
16 silly audit   postcss: [ '8.5.26' ],
16 silly audit   'postcss-import': [ '15.1.0' ],
16 silly audit   'postcss-js': [ '4.1.0' ],
16 silly audit   'postcss-load-config': [ '6.0.1' ],
16 silly audit   'postcss-nested': [ '6.2.0' ],
16 silly audit   'postcss-selector-parser': [ '6.1.4' ],
16 silly audit   'postcss-value-parser': [ '4.2.0' ],
16 silly audit   'queue-microtask': [ '1.2.3' ],
16 silly audit   react: [ '18.3.1' ],
16 silly audit   'react-dom': [ '18.3.1' ],
16 silly audit   'react-refresh': [ '0.17.0' ],
16 silly audit   'react-router': [ '6.30.6' ],
16 silly audit   'react-router-dom': [ '6.30.6' ],
16 silly audit   'read-cache': [ '1.0.2' ],
16 silly audit   readdirp: [ '3.6.0' ],
16 silly audit   resolve: [ '1.22.12' ],
16 silly audit   reusify: [ '1.1.0' ],
16 silly audit   rollup: [ '4.63.1' ],
16 silly audit   'run-parallel': [ '1.2.0' ],
16 silly audit   scheduler: [ '0.23.2' ],
16 silly audit   semver: [ '6.3.1' ],
16 silly audit   'source-map-js': [ '1.2.1' ],
16 silly audit   sucrase: [ '3.35.1' ],
16 silly audit   'supports-preserve-symlinks-flag': [ '1.0.0' ],
16 silly audit   tailwindcss: [ '3.4.19' ],
16 silly audit   thenify: [ '3.3.1' ],
16 silly audit   'thenify-all': [ '1.6.0' ],
16 silly audit   tinyglobby: [ '0.2.17' ],
16 silly audit   fdir: [ '6.5.0' ],
16 silly audit   'to-regex-range': [ '5.0.1' ],
16 silly audit   'ts-interface-checker': [ '0.1.13' ],
16 silly audit   'update-browserslist-db': [ '1.3.2' ],
16 silly audit   'util-deprecate': [ '1.0.2' ],
16 silly audit   vite: [ '5.4.21' ],
16 silly audit   yallist: [ '3.1.1' ]
16 silly audit }
17 verbose reify failed optional dependency /app/node_modules/fsevents
18 silly reify mark deleted [ '/app/node_modules/fsevents' ]
19 verbose reify failed optional dependency /app/node_modules/@rollup/rollup-win32-x64-msvc
20 silly reify mark deleted [ '/app/node_modules/@rollup/rollup-win32-x64-msvc' ]
21 verbose reify failed optional dependency /app/node_modules/@rollup/rollup-win32-x64-gnu
22 silly reify mark deleted [ '/app/node_modules/@rollup/rollup-win32-x64-gnu' ]
23 verbose reify failed optional dependency /app/node_modules/@rollup/rollup-win32-ia32-msvc
24 silly reify mark deleted [ '/app/node_modules/@rollup/rollup-win32-ia32-msvc' ]
25 verbose reify failed optional dependency /app/node_modules/@rollup/rollup-win32-arm64-msvc
26 silly reify mark deleted [ '/app/node_modules/@rollup/rollup-win32-arm64-msvc' ]
27 verbose reify failed optional dependency /app/node_modules/@rollup/rollup-openharmony-arm64
28 silly reify mark deleted [ '/app/node_modules/@rollup/rollup-openharmony-arm64' ]
29 verbose reify failed optional dependency /app/node_modules/@rollup/rollup-openbsd-x64
30 silly reify mark deleted [ '/app/node_modules/@rollup/rollup-openbsd-x64' ]
31 verbose reify failed optional dependency /app/node_modules/@rollup/rollup-linux-s390x-gnu
32 silly reify mark deleted [ '/app/node_modules/@rollup/rollup-linux-s390x-gnu' ]
33 verbose reify failed optional dependency /app/node_modules/@rollup/rollup-linux-riscv64-musl
34 silly reify mark deleted [ '/app/node_modules/@rollup/rollup-linux-riscv64-musl' ]
35 verbose reify failed optional dependency /app/node_modules/@rollup/rollup-linux-riscv64-gnu
36 silly reify mark deleted [ '/app/node_modules/@rollup/rollup-linux-riscv64-gnu' ]
37 verbose reify failed optional dependency /app/node_modules/@rollup/rollup-linux-ppc64-musl
38 silly reify mark deleted [ '/app/node_modules/@rollup/rollup-linux-ppc64-musl' ]
39 verbose reify failed optional dependency /app/node_modules/@rollup/rollup-linux-ppc64-gnu
40 silly reify mark deleted [ '/app/node_modules/@rollup/rollup-linux-ppc64-gnu' ]
41 verbose reify failed optional dependency /app/node_modules/@rollup/rollup-linux-loong64-musl
42 silly reify mark deleted [ '/app/node_modules/@rollup/rollup-linux-loong64-musl' ]
43 verbose reify failed optional dependency /app/node_modules/@rollup/rollup-linux-loong64-gnu
44 silly reify mark deleted [ '/app/node_modules/@rollup/rollup-linux-loong64-gnu' ]
45 verbose reify failed optional dependency /app/node_modules/@rollup/rollup-linux-arm64-musl
46 silly reify mark deleted [ '/app/node_modules/@rollup/rollup-linux-arm64-musl' ]
47 verbose reify failed optional dependency /app/node_modules/@rollup/rollup-linux-arm64-gnu
48 silly reify mark deleted [ '/app/node_modules/@rollup/rollup-linux-arm64-gnu' ]
49 verbose reify failed optional dependency /app/node_modules/@rollup/rollup-linux-arm-musleabihf
50 silly reify mark deleted [ '/app/node_modules/@rollup/rollup-linux-arm-musleabihf' ]
51 verbose reify failed optional dependency /app/node_modules/@rollup/rollup-linux-arm-gnueabihf
52 silly reify mark deleted [ '/app/node_modules/@rollup/rollup-linux-arm-gnueabihf' ]
53 verbose reify failed optional dependency /app/node_modules/@rollup/rollup-freebsd-x64
54 silly reify mark deleted [ '/app/node_modules/@rollup/rollup-freebsd-x64' ]
55 verbose reify failed optional dependency /app/node_modules/@rollup/rollup-freebsd-arm64
56 silly reify mark deleted [ '/app/node_modules/@rollup/rollup-freebsd-arm64' ]
57 verbose reify failed optional dependency /app/node_modules/@rollup/rollup-darwin-x64
58 silly reify mark deleted [ '/app/node_modules/@rollup/rollup-darwin-x64' ]
59 verbose reify failed optional dependency /app/node_modules/@rollup/rollup-darwin-arm64
60 silly reify mark deleted [ '/app/node_modules/@rollup/rollup-darwin-arm64' ]
61 verbose reify failed optional dependency /app/node_modules/@rollup/rollup-android-arm64
62 silly reify mark deleted [ '/app/node_modules/@rollup/rollup-android-arm64' ]
63 verbose reify failed optional dependency /app/node_modules/@rollup/rollup-android-arm-eabi
64 silly reify mark deleted [ '/app/node_modules/@rollup/rollup-android-arm-eabi' ]
65 verbose reify failed optional dependency /app/node_modules/@esbuild/win32-x64
66 silly reify mark deleted [ '/app/node_modules/@esbuild/win32-x64' ]
67 verbose reify failed optional dependency /app/node_modules/@esbuild/win32-ia32
68 silly reify mark deleted [ '/app/node_modules/@esbuild/win32-ia32' ]
69 verbose reify failed optional dependency /app/node_modules/@esbuild/win32-arm64
70 silly reify mark deleted [ '/app/node_modules/@esbuild/win32-arm64' ]
71 verbose reify failed optional dependency /app/node_modules/@esbuild/sunos-x64
72 silly reify mark deleted [ '/app/node_modules/@esbuild/sunos-x64' ]
73 verbose reify failed optional dependency /app/node_modules/@esbuild/openbsd-x64
74 silly reify mark deleted [ '/app/node_modules/@esbuild/openbsd-x64' ]
75 verbose reify failed optional dependency /app/node_modules/@esbuild/netbsd-x64
76 silly reify mark deleted [ '/app/node_modules/@esbuild/netbsd-x64' ]
77 verbose reify failed optional dependency /app/node_modules/@esbuild/linux-s390x
78 silly reify mark deleted [ '/app/node_modules/@esbuild/linux-s390x' ]
79 verbose reify failed optional dependency /app/node_modules/@esbuild/linux-riscv64
80 silly reify mark deleted [ '/app/node_modules/@esbuild/linux-riscv64' ]
81 verbose reify failed optional dependency /app/node_modules/@esbuild/linux-ppc64
82 silly reify mark deleted [ '/app/node_modules/@esbuild/linux-ppc64' ]
83 verbose reify failed optional dependency /app/node_modules/@esbuild/linux-mips64el
84 silly reify mark deleted [ '/app/node_modules/@esbuild/linux-mips64el' ]
85 verbose reify failed optional dependency /app/node_modules/@esbuild/linux-loong64
86 silly reify mark deleted [ '/app/node_modules/@esbuild/linux-loong64' ]
87 verbose reify failed optional dependency /app/node_modules/@esbuild/linux-ia32
88 silly reify mark deleted [ '/app/node_modules/@esbuild/linux-ia32' ]
89 verbose reify failed optional dependency /app/node_modules/@esbuild/linux-arm64
90 silly reify mark deleted [ '/app/node_modules/@esbuild/linux-arm64' ]
91 verbose reify failed optional dependency /app/node_modules/@esbuild/linux-arm
92 silly reify mark deleted [ '/app/node_modules/@esbuild/linux-arm' ]
93 verbose reify failed optional dependency /app/node_modules/@esbuild/freebsd-x64
94 silly reify mark deleted [ '/app/node_modules/@esbuild/freebsd-x64' ]
95 verbose reify failed optional dependency /app/node_modules/@esbuild/freebsd-arm64
96 silly reify mark deleted [ '/app/node_modules/@esbuild/freebsd-arm64' ]
97 verbose reify failed optional dependency /app/node_modules/@esbuild/darwin-x64
98 silly reify mark deleted [ '/app/node_modules/@esbuild/darwin-x64' ]
99 verbose reify failed optional dependency /app/node_modules/@esbuild/darwin-arm64
100 silly reify mark deleted [ '/app/node_modules/@esbuild/darwin-arm64' ]
101 verbose reify failed optional dependency /app/node_modules/@esbuild/android-x64
102 silly reify mark deleted [ '/app/node_modules/@esbuild/android-x64' ]
103 verbose reify failed optional dependency /app/node_modules/@esbuild/android-arm64
104 silly reify mark deleted [ '/app/node_modules/@esbuild/android-arm64' ]
105 verbose reify failed optional dependency /app/node_modules/@esbuild/android-arm
106 silly reify mark deleted [ '/app/node_modules/@esbuild/android-arm' ]
107 verbose reify failed optional dependency /app/node_modules/@esbuild/aix-ppc64
108 silly reify mark deleted [ '/app/node_modules/@esbuild/aix-ppc64' ]
109 http cache @rollup/rollup-linux-x64-musl@https://registry.npmjs.org/@rollup/rollup-linux-x64-musl/-/rollup-linux-x64-musl-4.63.1.tgz 0ms (cache hit)
110 silly tarball no local data for @rollup/rollup-linux-x64-musl@https://registry.npmjs.org/@rollup/rollup-linux-x64-musl/-/rollup-linux-x64-musl-4.63.1.tgz. Extracting by manifest.
111 http fetch POST 200 https://registry.npmjs.org/-/npm/v1/security/advisories/bulk 121ms
112 silly audit report {
112 silly audit report   esbuild: [
112 silly audit report     {
112 silly audit report       id: 1102341,
112 silly audit report       url: 'https://github.com/advisories/GHSA-67mh-4wv8-2f99',
112 silly audit report       title: 'esbuild enables any website to send any requests to the development server and read the response',
112 silly audit report       severity: 'moderate',
112 silly audit report       vulnerable_versions: '<=0.24.2',
112 silly audit report       cwe: [Array],
112 silly audit report       cvss: [Object]
112 silly audit report     }
112 silly audit report   ],
112 silly audit report   'react-router': [
112 silly audit report     {
112 silly audit report       id: 1124268,
112 silly audit report       url: 'https://github.com/advisories/GHSA-wrjc-x8rr-h8h6',
112 silly audit report       title: 'React Router: Open redirect via backslash in <Link> and useNavigate (CVE-2025-68470 bypass)',
112 silly audit report       severity: 'moderate',
112 silly audit report       vulnerable_versions: '>=6.0.0 <7.18.0',
112 silly audit report       cwe: [Array],
112 silly audit report       cvss: [Object]
112 silly audit report     },
112 silly audit report     {
112 silly audit report       id: 1124272,
112 silly audit report       url: 'https://github.com/advisories/GHSA-337j-9hxr-rhxg',
112 silly audit report       title: 'React Router: Arbitrary Constructor Injection via deserializeErrors() in React Router SSR Hydration',
112 silly audit report       severity: 'moderate',
112 silly audit report       vulnerable_versions: '>=6.4.0 <7.18.0',
112 silly audit report       cwe: [Array],
112 silly audit report       cvss: [Object]
112 silly audit report     }
112 silly audit report   ],
112 silly audit report   vite: [
112 silly audit report     {
112 silly audit report       id: 1120784,
112 silly audit report       url: 'https://github.com/advisories/GHSA-v6wh-96g9-6wx3',
112 silly audit report       title: 'launch-editor: NTLMv2 hash disclosure via UNC path handling on Windows',
112 silly audit report       severity: 'moderate',
112 silly audit report       vulnerable_versions: '<=6.4.2',
112 silly audit report       cwe: [Array],
112 silly audit report       cvss: [Object]
112 silly audit report     },
112 silly audit report     {
112 silly audit report       id: 1116229,
112 silly audit report       url: 'https://github.com/advisories/GHSA-4w7w-66w2-5vf9',
112 silly audit report       title: 'Vite Vulnerable to Path Traversal in Optimized Deps `.map` Handling',
112 silly audit report       severity: 'moderate',
112 silly audit report       vulnerable_versions: '<=6.4.1',
112 silly audit report       cwe: [Array],
112 silly audit report       cvss: [Object]
112 silly audit report     },
112 silly audit report     {
112 silly audit report       id: 1123525,
112 silly audit report       url: 'https://github.com/advisories/GHSA-fx2h-pf6j-xcff',
112 silly audit report       title: 'vite: `server.fs.deny` bypass on Windows alternate paths',
112 silly audit report       severity: 'high',
112 silly audit report       vulnerable_versions: '<=6.4.2',
112 silly audit report       cwe: [Array],
112 silly audit report       cvss: [Object]
112 silly audit report     }
112 silly audit report   ]
112 silly audit report }
113 silly packumentCache corgi:https://registry.npmjs.org/esbuild cache-miss
114 silly packumentCache corgi:https://registry.npmjs.org/react-router cache-miss
115 silly packumentCache corgi:https://registry.npmjs.org/vite cache-miss
116 http cache https://registry.npmjs.org/esbuild 39ms (cache hit)
117 silly packumentCache corgi:https://registry.npmjs.org/esbuild set size:889133 disposed:false
118 http cache https://registry.npmjs.org/react-router 60ms (cache hit)
119 silly packumentCache corgi:https://registry.npmjs.org/react-router set size:1358546 disposed:false
120 http cache https://registry.npmjs.org/vite 106ms (cache hit)
121 silly packumentCache corgi:https://registry.npmjs.org/vite set size:2298256 disposed:false
122 silly packumentCache corgi:https://registry.npmjs.org/react-router-dom cache-miss
123 http cache https://registry.npmjs.org/react-router-dom 18ms (cache hit)
124 silly packumentCache corgi:https://registry.npmjs.org/react-router-dom set size:1065956 disposed:false
125 silly packumentCache corgi:https://registry.npmjs.org/@vitejs%2fplugin-react cache-miss
126 http cache https://registry.npmjs.org/@vitejs%2fplugin-react 9ms (cache hit)
127 silly packumentCache corgi:https://registry.npmjs.org/@vitejs%2fplugin-react set size:120851 disposed:false
128 http fetch GET 200 https://registry.npmjs.org/@rollup/rollup-linux-x64-musl/-/rollup-linux-x64-musl-4.63.1.tgz 443ms (cache miss)
129 silly ADD
130 silly ADD
131 silly ADD
132 silly ADD
133 silly ADD
134 silly ADD
135 silly ADD
136 silly ADD node_modules/@rollup/rollup-linux-x64-musl
137 silly ADD
138 silly ADD
139 silly ADD
140 silly ADD
141 silly ADD
142 silly ADD
143 silly ADD
144 silly ADD
145 silly ADD
146 silly ADD
147 silly ADD
148 silly ADD
149 silly ADD
150 silly ADD
151 silly ADD
152 silly ADD
153 silly ADD
154 silly ADD
155 silly ADD
156 silly ADD
157 silly ADD
158 silly ADD
159 silly ADD
160 silly ADD
161 silly ADD
162 silly ADD
163 silly ADD
164 silly ADD
165 silly ADD
166 silly ADD
167 silly ADD
168 silly ADD
169 silly ADD
170 silly ADD
171 silly ADD
172 silly ADD
173 silly ADD
174 silly ADD
175 silly ADD
176 verbose cwd /app
177 verbose os Linux 6.12.105-fly
178 verbose node v22.23.2
179 verbose npm  v10.9.8
180 verbose exit 0
181 info ok
