0 verbose cli /usr/local/bin/node /usr/local/bin/npm
1 info using npm@10.9.8
2 info using node@v22.23.2
3 silly config load:file:/usr/local/lib/node_modules/npm/npmrc
4 silly config load:file:/app/.npmrc
5 silly config load:file:/app/.home/.npmrc
6 silly config load:file:/usr/local/etc/npmrc
7 verbose title npm install
8 verbose argv "install"
9 verbose logfile logs-max:10 dir:/app/.home/.npm/_logs/2026-09-01T13_50_20_513Z-
10 verbose logfile /app/.home/.npm/_logs/2026-09-01T13_50_20_513Z-debug-0.log
11 silly logfile done cleaning log files
12 silly packumentCache heap:2103967744 maxSize:525991936 maxEntrySize:262995968
13 silly idealTree buildDeps
14 silly reify moves {}
15 silly audit bulk request {
15 silly audit   '@alloc/quick-lru': [ '5.3.0' ],
15 silly audit   '@babel/code-frame': [ '7.29.7' ],
15 silly audit   '@babel/compat-data': [ '7.29.7' ],
15 silly audit   '@babel/core': [ '7.29.7' ],
15 silly audit   '@babel/generator': [ '7.29.8' ],
15 silly audit   '@babel/helper-compilation-targets': [ '7.29.7' ],
15 silly audit   '@babel/helper-globals': [ '7.29.7' ],
15 silly audit   '@babel/helper-module-imports': [ '7.29.7' ],
15 silly audit   '@babel/helper-module-transforms': [ '7.29.7' ],
15 silly audit   '@babel/helper-plugin-utils': [ '7.29.7' ],
15 silly audit   '@babel/helper-string-parser': [ '7.29.7' ],
15 silly audit   '@babel/helper-validator-identifier': [ '7.29.7' ],
15 silly audit   '@babel/helper-validator-option': [ '7.29.7' ],
15 silly audit   '@babel/helpers': [ '7.29.7' ],
15 silly audit   '@babel/parser': [ '7.29.8' ],
15 silly audit   '@babel/plugin-transform-react-jsx-self': [ '7.29.7' ],
15 silly audit   '@babel/plugin-transform-react-jsx-source': [ '7.29.7' ],
15 silly audit   '@babel/template': [ '7.29.7' ],
15 silly audit   '@babel/traverse': [ '7.29.8' ],
15 silly audit   '@babel/types': [ '7.29.8' ],
15 silly audit   '@esbuild/aix-ppc64': [ '0.21.5' ],
15 silly audit   '@esbuild/android-arm': [ '0.21.5' ],
15 silly audit   '@esbuild/android-arm64': [ '0.21.5' ],
15 silly audit   '@esbuild/android-x64': [ '0.21.5' ],
15 silly audit   '@esbuild/darwin-arm64': [ '0.21.5' ],
15 silly audit   '@esbuild/darwin-x64': [ '0.21.5' ],
15 silly audit   '@esbuild/freebsd-arm64': [ '0.21.5' ],
15 silly audit   '@esbuild/freebsd-x64': [ '0.21.5' ],
15 silly audit   '@esbuild/linux-arm': [ '0.21.5' ],
15 silly audit   '@esbuild/linux-arm64': [ '0.21.5' ],
15 silly audit   '@esbuild/linux-ia32': [ '0.21.5' ],
15 silly audit   '@esbuild/linux-loong64': [ '0.21.5' ],
15 silly audit   '@esbuild/linux-mips64el': [ '0.21.5' ],
15 silly audit   '@esbuild/linux-ppc64': [ '0.21.5' ],
15 silly audit   '@esbuild/linux-riscv64': [ '0.21.5' ],
15 silly audit   '@esbuild/linux-s390x': [ '0.21.5' ],
15 silly audit   '@esbuild/linux-x64': [ '0.21.5' ],
15 silly audit   '@esbuild/netbsd-x64': [ '0.21.5' ],
15 silly audit   '@esbuild/openbsd-x64': [ '0.21.5' ],
15 silly audit   '@esbuild/sunos-x64': [ '0.21.5' ],
15 silly audit   '@esbuild/win32-arm64': [ '0.21.5' ],
15 silly audit   '@esbuild/win32-ia32': [ '0.21.5' ],
15 silly audit   '@esbuild/win32-x64': [ '0.21.5' ],
15 silly audit   '@jridgewell/gen-mapping': [ '0.3.13' ],
15 silly audit   '@jridgewell/remapping': [ '2.3.5' ],
15 silly audit   '@jridgewell/resolve-uri': [ '3.1.2' ],
15 silly audit   '@jridgewell/sourcemap-codec': [ '1.6.0' ],
15 silly audit   '@jridgewell/trace-mapping': [ '0.3.31' ],
15 silly audit   '@napi-rs/lzma-linux-x64-gnu': [ '1.5.1' ],
15 silly audit   '@nodelib/fs.scandir': [ '2.1.5' ],
15 silly audit   '@nodelib/fs.stat': [ '2.0.5' ],
15 silly audit   '@nodelib/fs.walk': [ '1.2.8' ],
15 silly audit   '@remix-run/router': [ '1.23.4' ],
15 silly audit   '@rolldown/pluginutils': [ '1.0.0-beta.27' ],
15 silly audit   '@rollup/rollup-android-arm-eabi': [ '4.63.1' ],
15 silly audit   '@rollup/rollup-android-arm64': [ '4.63.1' ],
15 silly audit   '@rollup/rollup-darwin-arm64': [ '4.63.1' ],
15 silly audit   '@rollup/rollup-darwin-x64': [ '4.63.1' ],
15 silly audit   '@rollup/rollup-freebsd-arm64': [ '4.63.1' ],
15 silly audit   '@rollup/rollup-freebsd-x64': [ '4.63.1' ],
15 silly audit   '@rollup/rollup-linux-arm-gnueabihf': [ '4.63.1' ],
15 silly audit   '@rollup/rollup-linux-arm-musleabihf': [ '4.63.1' ],
15 silly audit   '@rollup/rollup-linux-arm64-gnu': [ '4.63.1' ],
15 silly audit   '@rollup/rollup-linux-arm64-musl': [ '4.63.1' ],
15 silly audit   '@rollup/rollup-linux-loong64-gnu': [ '4.63.1' ],
15 silly audit   '@rollup/rollup-linux-loong64-musl': [ '4.63.1' ],
15 silly audit   '@rollup/rollup-linux-ppc64-gnu': [ '4.63.1' ],
15 silly audit   '@rollup/rollup-linux-ppc64-musl': [ '4.63.1' ],
15 silly audit   '@rollup/rollup-linux-riscv64-gnu': [ '4.63.1' ],
15 silly audit   '@rollup/rollup-linux-riscv64-musl': [ '4.63.1' ],
15 silly audit   '@rollup/rollup-linux-s390x-gnu': [ '4.63.1' ],
15 silly audit   '@rollup/rollup-linux-x64-gnu': [ '4.63.1' ],
15 silly audit   '@rollup/rollup-linux-x64-musl': [ '4.63.1' ],
15 silly audit   '@rollup/rollup-openbsd-x64': [ '4.63.1' ],
15 silly audit   '@rollup/rollup-openharmony-arm64': [ '4.63.1' ],
15 silly audit   '@rollup/rollup-win32-arm64-msvc': [ '4.63.1' ],
15 silly audit   '@rollup/rollup-win32-ia32-msvc': [ '4.63.1' ],
15 silly audit   '@rollup/rollup-win32-x64-gnu': [ '4.63.1' ],
15 silly audit   '@rollup/rollup-win32-x64-msvc': [ '4.63.1' ],
15 silly audit   '@types/babel__core': [ '7.20.5' ],
15 silly audit   '@types/babel__generator': [ '7.27.0' ],
15 silly audit   '@types/babel__template': [ '7.4.4' ],
15 silly audit   '@types/babel__traverse': [ '7.28.0' ],
15 silly audit   '@types/estree': [ '1.0.9' ],
15 silly audit   '@vitejs/plugin-react': [ '4.7.0' ],
15 silly audit   'any-promise': [ '1.3.0' ],
15 silly audit   anymatch: [ '3.1.3' ],
15 silly audit   arg: [ '5.0.2' ],
15 silly audit   autoprefixer: [ '10.5.4' ],
15 silly audit   'baseline-browser-mapping': [ '2.11.20' ],
15 silly audit   'binary-extensions': [ '2.3.0' ],
15 silly audit   braces: [ '3.0.3' ],
15 silly audit   browserslist: [ '4.28.8' ],
15 silly audit   'camelcase-css': [ '2.0.1' ],
15 silly audit   'caniuse-lite': [ '1.0.30001810' ],
15 silly audit   chokidar: [ '3.6.0' ],
15 silly audit   'glob-parent': [ '5.1.2', '6.0.2' ],
15 silly audit   commander: [ '4.1.1' ],
15 silly audit   'convert-source-map': [ '2.0.0' ],
15 silly audit   cssesc: [ '3.0.0' ],
15 silly audit   debug: [ '4.4.3' ],
15 silly audit   didyoumean: [ '1.2.2' ],
15 silly audit   dlv: [ '1.1.3' ],
15 silly audit   'electron-to-chromium': [ '1.5.418' ],
15 silly audit   'es-errors': [ '1.3.0' ],
15 silly audit   esbuild: [ '0.21.5' ],
15 silly audit   escalade: [ '3.2.0' ],
15 silly audit   'fast-glob': [ '3.3.3' ],
15 silly audit   fastq: [ '1.20.3' ],
15 silly audit   'fill-range': [ '7.1.1' ],
15 silly audit   'fraction.js': [ '5.3.4' ],
15 silly audit   fsevents: [ '2.3.3' ],
15 silly audit   'function-bind': [ '1.1.2' ],
15 silly audit   gensync: [ '1.0.0-beta.2' ],
15 silly audit   hasown: [ '2.0.4' ],
15 silly audit   'is-binary-path': [ '2.1.0' ],
15 silly audit   'is-core-module': [ '2.16.2' ],
15 silly audit   'is-extglob': [ '2.1.1' ],
15 silly audit   'is-glob': [ '4.0.3' ],
15 silly audit   'is-number': [ '7.0.0' ],
15 silly audit   jiti: [ '1.21.7' ],
15 silly audit   'js-tokens': [ '4.0.0' ],
15 silly audit   jsesc: [ '3.1.0' ],
15 silly audit   json5: [ '2.2.3' ],
15 silly audit   lilconfig: [ '3.1.3' ],
15 silly audit   'lines-and-columns': [ '1.2.4' ],
15 silly audit   'loose-envify': [ '1.4.0' ],
15 silly audit   'lru-cache': [ '5.1.1' ],
15 silly audit   merge2: [ '1.4.1' ],
15 silly audit   micromatch: [ '4.0.8' ],
15 silly audit   ms: [ '2.1.3' ],
15 silly audit   mz: [ '2.7.0' ],
15 silly audit   nanoid: [ '3.3.18' ],
15 silly audit   'node-releases': [ '2.0.54' ],
15 silly audit   'normalize-path': [ '3.0.0' ],
15 silly audit   'object-assign': [ '4.1.1' ],
15 silly audit   'object-hash': [ '3.0.0' ],
15 silly audit   'path-parse': [ '1.0.7' ],
15 silly audit   picocolors: [ '1.1.1' ],
15 silly audit   picomatch: [ '2.3.2', '4.0.7' ],
15 silly audit   pirates: [ '4.0.7' ],
15 silly audit   postcss: [ '8.5.26' ],
15 silly audit   'postcss-import': [ '15.1.0' ],
15 silly audit   'postcss-js': [ '4.1.0' ],
15 silly audit   'postcss-load-config': [ '6.0.1' ],
15 silly audit   'postcss-nested': [ '6.2.0' ],
15 silly audit   'postcss-selector-parser': [ '6.1.4' ],
15 silly audit   'postcss-value-parser': [ '4.2.0' ],
15 silly audit   'queue-microtask': [ '1.2.3' ],
15 silly audit   react: [ '18.3.1' ],
15 silly audit   'react-dom': [ '18.3.1' ],
15 silly audit   'react-refresh': [ '0.17.0' ],
15 silly audit   'react-router': [ '6.30.6' ],
15 silly audit   'react-router-dom': [ '6.30.6' ],
15 silly audit   'read-cache': [ '1.0.2' ],
15 silly audit   readdirp: [ '3.6.0' ],
15 silly audit   resolve: [ '1.22.12' ],
15 silly audit   reusify: [ '1.1.0' ],
15 silly audit   rollup: [ '4.63.1' ],
15 silly audit   'run-parallel': [ '1.2.0' ],
15 silly audit   scheduler: [ '0.23.2' ],
15 silly audit   semver: [ '6.3.1' ],
15 silly audit   'source-map-js': [ '1.2.1' ],
15 silly audit   sucrase: [ '3.35.1' ],
15 silly audit   'supports-preserve-symlinks-flag': [ '1.0.0' ],
15 silly audit   tailwindcss: [ '3.4.19' ],
15 silly audit   thenify: [ '3.3.1' ],
15 silly audit   'thenify-all': [ '1.6.0' ],
15 silly audit   tinyglobby: [ '0.2.17' ],
15 silly audit   fdir: [ '6.5.0' ],
15 silly audit   'to-regex-range': [ '5.0.1' ],
15 silly audit   'ts-interface-checker': [ '0.1.13' ],
15 silly audit   'update-browserslist-db': [ '1.3.2' ],
15 silly audit   'util-deprecate': [ '1.0.2' ],
15 silly audit   vite: [ '5.4.21' ],
15 silly audit   yallist: [ '3.1.1' ]
15 silly audit }
16 verbose reify failed optional dependency /app/node_modules/fsevents
17 silly reify mark deleted [ '/app/node_modules/fsevents' ]
18 verbose reify failed optional dependency /app/node_modules/@rollup/rollup-win32-x64-msvc
19 silly reify mark deleted [ '/app/node_modules/@rollup/rollup-win32-x64-msvc' ]
20 verbose reify failed optional dependency /app/node_modules/@rollup/rollup-win32-x64-gnu
21 silly reify mark deleted [ '/app/node_modules/@rollup/rollup-win32-x64-gnu' ]
22 verbose reify failed optional dependency /app/node_modules/@rollup/rollup-win32-ia32-msvc
23 silly reify mark deleted [ '/app/node_modules/@rollup/rollup-win32-ia32-msvc' ]
24 verbose reify failed optional dependency /app/node_modules/@rollup/rollup-win32-arm64-msvc
25 silly reify mark deleted [ '/app/node_modules/@rollup/rollup-win32-arm64-msvc' ]
26 verbose reify failed optional dependency /app/node_modules/@rollup/rollup-openharmony-arm64
27 silly reify mark deleted [ '/app/node_modules/@rollup/rollup-openharmony-arm64' ]
28 verbose reify failed optional dependency /app/node_modules/@rollup/rollup-openbsd-x64
29 silly reify mark deleted [ '/app/node_modules/@rollup/rollup-openbsd-x64' ]
30 verbose reify failed optional dependency /app/node_modules/@rollup/rollup-linux-s390x-gnu
31 silly reify mark deleted [ '/app/node_modules/@rollup/rollup-linux-s390x-gnu' ]
32 verbose reify failed optional dependency /app/node_modules/@rollup/rollup-linux-riscv64-musl
33 silly reify mark deleted [ '/app/node_modules/@rollup/rollup-linux-riscv64-musl' ]
34 verbose reify failed optional dependency /app/node_modules/@rollup/rollup-linux-riscv64-gnu
35 silly reify mark deleted [ '/app/node_modules/@rollup/rollup-linux-riscv64-gnu' ]
36 verbose reify failed optional dependency /app/node_modules/@rollup/rollup-linux-ppc64-musl
37 silly reify mark deleted [ '/app/node_modules/@rollup/rollup-linux-ppc64-musl' ]
38 verbose reify failed optional dependency /app/node_modules/@rollup/rollup-linux-ppc64-gnu
39 silly reify mark deleted [ '/app/node_modules/@rollup/rollup-linux-ppc64-gnu' ]
40 verbose reify failed optional dependency /app/node_modules/@rollup/rollup-linux-loong64-musl
41 silly reify mark deleted [ '/app/node_modules/@rollup/rollup-linux-loong64-musl' ]
42 verbose reify failed optional dependency /app/node_modules/@rollup/rollup-linux-loong64-gnu
43 silly reify mark deleted [ '/app/node_modules/@rollup/rollup-linux-loong64-gnu' ]
44 verbose reify failed optional dependency /app/node_modules/@rollup/rollup-linux-arm64-musl
45 silly reify mark deleted [ '/app/node_modules/@rollup/rollup-linux-arm64-musl' ]
46 verbose reify failed optional dependency /app/node_modules/@rollup/rollup-linux-arm64-gnu
47 silly reify mark deleted [ '/app/node_modules/@rollup/rollup-linux-arm64-gnu' ]
48 verbose reify failed optional dependency /app/node_modules/@rollup/rollup-linux-arm-musleabihf
49 silly reify mark deleted [ '/app/node_modules/@rollup/rollup-linux-arm-musleabihf' ]
50 verbose reify failed optional dependency /app/node_modules/@rollup/rollup-linux-arm-gnueabihf
51 silly reify mark deleted [ '/app/node_modules/@rollup/rollup-linux-arm-gnueabihf' ]
52 verbose reify failed optional dependency /app/node_modules/@rollup/rollup-freebsd-x64
53 silly reify mark deleted [ '/app/node_modules/@rollup/rollup-freebsd-x64' ]
54 verbose reify failed optional dependency /app/node_modules/@rollup/rollup-freebsd-arm64
55 silly reify mark deleted [ '/app/node_modules/@rollup/rollup-freebsd-arm64' ]
56 verbose reify failed optional dependency /app/node_modules/@rollup/rollup-darwin-x64
57 silly reify mark deleted [ '/app/node_modules/@rollup/rollup-darwin-x64' ]
58 verbose reify failed optional dependency /app/node_modules/@rollup/rollup-darwin-arm64
59 silly reify mark deleted [ '/app/node_modules/@rollup/rollup-darwin-arm64' ]
60 verbose reify failed optional dependency /app/node_modules/@rollup/rollup-android-arm64
61 silly reify mark deleted [ '/app/node_modules/@rollup/rollup-android-arm64' ]
62 verbose reify failed optional dependency /app/node_modules/@rollup/rollup-android-arm-eabi
63 silly reify mark deleted [ '/app/node_modules/@rollup/rollup-android-arm-eabi' ]
64 verbose reify failed optional dependency /app/node_modules/@esbuild/win32-x64
65 silly reify mark deleted [ '/app/node_modules/@esbuild/win32-x64' ]
66 verbose reify failed optional dependency /app/node_modules/@esbuild/win32-ia32
67 silly reify mark deleted [ '/app/node_modules/@esbuild/win32-ia32' ]
68 verbose reify failed optional dependency /app/node_modules/@esbuild/win32-arm64
69 silly reify mark deleted [ '/app/node_modules/@esbuild/win32-arm64' ]
70 verbose reify failed optional dependency /app/node_modules/@esbuild/sunos-x64
71 silly reify mark deleted [ '/app/node_modules/@esbuild/sunos-x64' ]
72 verbose reify failed optional dependency /app/node_modules/@esbuild/openbsd-x64
73 silly reify mark deleted [ '/app/node_modules/@esbuild/openbsd-x64' ]
74 verbose reify failed optional dependency /app/node_modules/@esbuild/netbsd-x64
75 silly reify mark deleted [ '/app/node_modules/@esbuild/netbsd-x64' ]
76 verbose reify failed optional dependency /app/node_modules/@esbuild/linux-s390x
77 silly reify mark deleted [ '/app/node_modules/@esbuild/linux-s390x' ]
78 verbose reify failed optional dependency /app/node_modules/@esbuild/linux-riscv64
79 silly reify mark deleted [ '/app/node_modules/@esbuild/linux-riscv64' ]
80 verbose reify failed optional dependency /app/node_modules/@esbuild/linux-ppc64
81 silly reify mark deleted [ '/app/node_modules/@esbuild/linux-ppc64' ]
82 verbose reify failed optional dependency /app/node_modules/@esbuild/linux-mips64el
83 silly reify mark deleted [ '/app/node_modules/@esbuild/linux-mips64el' ]
84 verbose reify failed optional dependency /app/node_modules/@esbuild/linux-loong64
85 silly reify mark deleted [ '/app/node_modules/@esbuild/linux-loong64' ]
86 verbose reify failed optional dependency /app/node_modules/@esbuild/linux-ia32
87 silly reify mark deleted [ '/app/node_modules/@esbuild/linux-ia32' ]
88 verbose reify failed optional dependency /app/node_modules/@esbuild/linux-arm64
89 silly reify mark deleted [ '/app/node_modules/@esbuild/linux-arm64' ]
90 verbose reify failed optional dependency /app/node_modules/@esbuild/linux-arm
91 silly reify mark deleted [ '/app/node_modules/@esbuild/linux-arm' ]
92 verbose reify failed optional dependency /app/node_modules/@esbuild/freebsd-x64
93 silly reify mark deleted [ '/app/node_modules/@esbuild/freebsd-x64' ]
94 verbose reify failed optional dependency /app/node_modules/@esbuild/freebsd-arm64
95 silly reify mark deleted [ '/app/node_modules/@esbuild/freebsd-arm64' ]
96 verbose reify failed optional dependency /app/node_modules/@esbuild/darwin-x64
97 silly reify mark deleted [ '/app/node_modules/@esbuild/darwin-x64' ]
98 verbose reify failed optional dependency /app/node_modules/@esbuild/darwin-arm64
99 silly reify mark deleted [ '/app/node_modules/@esbuild/darwin-arm64' ]
100 verbose reify failed optional dependency /app/node_modules/@esbuild/android-x64
101 silly reify mark deleted [ '/app/node_modules/@esbuild/android-x64' ]
102 verbose reify failed optional dependency /app/node_modules/@esbuild/android-arm64
103 silly reify mark deleted [ '/app/node_modules/@esbuild/android-arm64' ]
104 verbose reify failed optional dependency /app/node_modules/@esbuild/android-arm
105 silly reify mark deleted [ '/app/node_modules/@esbuild/android-arm' ]
106 verbose reify failed optional dependency /app/node_modules/@esbuild/aix-ppc64
107 silly reify mark deleted [ '/app/node_modules/@esbuild/aix-ppc64' ]
108 http fetch POST 200 https://registry.npmjs.org/-/npm/v1/security/advisories/bulk 168ms
109 silly audit report {
109 silly audit report   esbuild: [
109 silly audit report     {
109 silly audit report       id: 1102341,
109 silly audit report       url: 'https://github.com/advisories/GHSA-67mh-4wv8-2f99',
109 silly audit report       title: 'esbuild enables any website to send any requests to the development server and read the response',
109 silly audit report       severity: 'moderate',
109 silly audit report       vulnerable_versions: '<=0.24.2',
109 silly audit report       cwe: [Array],
109 silly audit report       cvss: [Object]
109 silly audit report     }
109 silly audit report   ],
109 silly audit report   'react-router': [
109 silly audit report     {
109 silly audit report       id: 1124268,
109 silly audit report       url: 'https://github.com/advisories/GHSA-wrjc-x8rr-h8h6',
109 silly audit report       title: 'React Router: Open redirect via backslash in <Link> and useNavigate (CVE-2025-68470 bypass)',
109 silly audit report       severity: 'moderate',
109 silly audit report       vulnerable_versions: '>=6.0.0 <7.18.0',
109 silly audit report       cwe: [Array],
109 silly audit report       cvss: [Object]
109 silly audit report     },
109 silly audit report     {
109 silly audit report       id: 1124272,
109 silly audit report       url: 'https://github.com/advisories/GHSA-337j-9hxr-rhxg',
109 silly audit report       title: 'React Router: Arbitrary Constructor Injection via deserializeErrors() in React Router SSR Hydration',
109 silly audit report       severity: 'moderate',
109 silly audit report       vulnerable_versions: '>=6.4.0 <7.18.0',
109 silly audit report       cwe: [Array],
109 silly audit report       cvss: [Object]
109 silly audit report     }
109 silly audit report   ],
109 silly audit report   vite: [
109 silly audit report     {
109 silly audit report       id: 1120784,
109 silly audit report       url: 'https://github.com/advisories/GHSA-v6wh-96g9-6wx3',
109 silly audit report       title: 'launch-editor: NTLMv2 hash disclosure via UNC path handling on Windows',
109 silly audit report       severity: 'moderate',
109 silly audit report       vulnerable_versions: '<=6.4.2',
109 silly audit report       cwe: [Array],
109 silly audit report       cvss: [Object]
109 silly audit report     },
109 silly audit report     {
109 silly audit report       id: 1116229,
109 silly audit report       url: 'https://github.com/advisories/GHSA-4w7w-66w2-5vf9',
109 silly audit report       title: 'Vite Vulnerable to Path Traversal in Optimized Deps `.map` Handling',
109 silly audit report       severity: 'moderate',
109 silly audit report       vulnerable_versions: '<=6.4.1',
109 silly audit report       cwe: [Array],
109 silly audit report       cvss: [Object]
109 silly audit report     },
109 silly audit report     {
109 silly audit report       id: 1123525,
109 silly audit report       url: 'https://github.com/advisories/GHSA-fx2h-pf6j-xcff',
109 silly audit report       title: 'vite: `server.fs.deny` bypass on Windows alternate paths',
109 silly audit report       severity: 'high',
109 silly audit report       vulnerable_versions: '<=6.4.2',
109 silly audit report       cwe: [Array],
109 silly audit report       cvss: [Object]
109 silly audit report     }
109 silly audit report   ]
109 silly audit report }
110 silly packumentCache corgi:https://registry.npmjs.org/esbuild cache-miss
111 silly packumentCache corgi:https://registry.npmjs.org/react-router cache-miss
112 silly packumentCache corgi:https://registry.npmjs.org/vite cache-miss
113 http fetch GET 200 https://registry.npmjs.org/esbuild 44ms (cache revalidated)
114 silly packumentCache corgi:https://registry.npmjs.org/esbuild set size:889133 disposed:false
115 http fetch GET 200 https://registry.npmjs.org/react-router 59ms (cache revalidated)
116 silly packumentCache corgi:https://registry.npmjs.org/react-router set size:1358546 disposed:false
117 http fetch GET 200 https://registry.npmjs.org/vite 100ms (cache revalidated)
118 silly packumentCache corgi:https://registry.npmjs.org/vite set size:2298256 disposed:false
119 silly packumentCache corgi:https://registry.npmjs.org/react-router-dom cache-miss
120 http fetch GET 200 https://registry.npmjs.org/react-router-dom 26ms (cache revalidated)
121 silly packumentCache corgi:https://registry.npmjs.org/react-router-dom set size:1065956 disposed:false
122 silly packumentCache corgi:https://registry.npmjs.org/@vitejs%2fplugin-react cache-miss
123 http fetch GET 200 https://registry.npmjs.org/@vitejs%2fplugin-react 60ms (cache revalidated)
124 silly packumentCache corgi:https://registry.npmjs.org/@vitejs%2fplugin-react set size:120851 disposed:false
125 silly ADD
126 silly ADD
127 silly ADD
128 silly ADD
129 silly ADD
130 silly ADD
131 silly ADD
132 silly ADD
133 silly ADD
134 silly ADD
135 silly ADD
136 silly ADD
137 silly ADD
138 silly ADD
139 silly ADD
140 silly ADD
141 silly ADD
142 silly ADD
143 silly ADD
144 silly ADD
145 silly ADD
146 silly ADD
147 silly ADD
148 silly ADD
149 silly ADD
150 silly ADD
151 silly ADD
152 silly ADD
153 silly ADD
154 silly ADD
155 silly ADD
156 silly ADD
157 silly ADD
158 silly ADD
159 silly ADD
160 silly ADD
161 silly ADD
162 silly ADD
163 silly ADD
164 silly ADD
165 silly ADD
166 silly ADD
167 silly ADD
168 silly ADD
169 silly ADD
170 silly ADD
171 verbose cwd /app
172 verbose os Linux 6.12.105-fly
173 verbose node v22.23.2
174 verbose npm  v10.9.8
175 verbose exit 0
176 info ok
